./
getNonLocal: ./partition.hgr: openFile: does not exist (No such file or directory)
./
